// Jest Snapshot v1, https://goo.gl/fbAQLP

exports[`Nav component matches snapshot DOM node structure 1`] = `
<DocumentFragment>
  <nav
    class="nav"
  >
    <h1>
      Welcome To Pokebox!
    </h1>
  </nav>
</DocumentFragment>
`;
